[0m13:26:56.331999 [debug] [MainThread]: Sending event: {'category': 'dbt', 'action': 'invocation', 'label': 'start', 'context': [<snowplow_tracker.self_describing_json.SelfDescribingJson object at 0x10d726710>, <snowplow_tracker.self_describing_json.SelfDescribingJson object at 0x10d6ba350>, <snowplow_tracker.self_describing_json.SelfDescribingJson object at 0x10d459cd0>]}


============================== 13:26:56.352233 | 63511c27-d9f9-4060-8be0-671506e4eb28 ==============================
[0m13:26:56.352233 [info ] [MainThread]: Running with dbt=1.11.8
[0m13:26:56.353396 [debug] [MainThread]: running dbt with arguments {'invocation_command': 'dbt init market_data_dbt', 'use_colors': 'True', 'write_json': 'True', 'fail_fast': 'False', 'no_print': 'None', 'empty': 'None', 'version_check': 'True', 'target_path': 'None', 'introspect': 'True', 'warn_error': 'None', 'warn_error_options': 'WarnErrorOptionsV2(error=[], warn=[], silence=[])', 'indirect_selection': 'eager', 'use_experimental_parser': 'False', 'cache_selected_only': 'False', 'log_format': 'default', 'log_cache_events': 'False', 'profiles_dir': '/Users/nanduvasireddy/.dbt', 'debug': 'False', 'log_path': 'logs', 'quiet': 'False', 'printer_width': '80', 'partial_parse': 'True', 'send_anonymous_usage_stats': 'True', 'static_parser': 'True'}
[0m13:26:56.387475 [info ] [MainThread]: Creating dbt configuration folder at /Users/nanduvasireddy/.dbt
[0m13:26:56.391049 [debug] [MainThread]: Starter project path: /Users/nanduvasireddy/Desktop/projects/real-time-market-data-platform/.venv/lib/python3.11/site-packages/dbt/include/starter_project
[0m13:26:56.406897 [info ] [MainThread]: 
Your new dbt project "market_data_dbt" was created!

For more information on how to configure the profiles.yml file,
please consult the dbt documentation here:

  https://docs.getdbt.com/docs/configure-your-profile

One more thing:

Need help? Don't hesitate to reach out to us via GitHub issues or on Slack:

  https://community.getdbt.com/

Happy modeling!

[0m13:26:56.410449 [info ] [MainThread]: Setting up your profile.
[0m13:32:18.461543 [info ] [MainThread]: Profile market_data_dbt written to /Users/nanduvasireddy/.dbt/profiles.yml using target's profile_template.yml and your supplied values. Run 'dbt debug' to validate the connection.
[0m13:32:18.798459 [debug] [MainThread]: Resource report: {"command_name": "init", "command_success": true, "command_wall_clock_time": 322.62268, "process_in_blocks": "0", "process_kernel_time": 0.674035, "process_mem_max_rss": "115458048", "process_out_blocks": "0", "process_user_time": 2.282647}
[0m13:32:18.800054 [debug] [MainThread]: Command `dbt init` succeeded at 13:32:18.799727 after 322.62 seconds
[0m13:32:18.801458 [debug] [MainThread]: Sending event: {'category': 'dbt', 'action': 'invocation', 'label': 'end', 'context': [<snowplow_tracker.self_describing_json.SelfDescribingJson object at 0x10d79c350>, <snowplow_tracker.self_describing_json.SelfDescribingJson object at 0x1045bb250>, <snowplow_tracker.self_describing_json.SelfDescribingJson object at 0x10d810b90>]}
[0m13:32:18.802500 [debug] [MainThread]: Flushing usage events
[0m13:32:19.589319 [debug] [MainThread]: An error was encountered while trying to flush usage events
[0m13:33:31.401568 [debug] [MainThread]: Sending event: {'category': 'dbt', 'action': 'invocation', 'label': 'start', 'context': [<snowplow_tracker.self_describing_json.SelfDescribingJson object at 0x10849cc90>, <snowplow_tracker.self_describing_json.SelfDescribingJson object at 0x109e3d5d0>, <snowplow_tracker.self_describing_json.SelfDescribingJson object at 0x10a123d50>]}


============================== 13:33:31.405311 | fec2cfa8-ec5c-468c-a1e7-7b075066eb63 ==============================
[0m13:33:31.405311 [info ] [MainThread]: Running with dbt=1.11.8
[0m13:33:31.405623 [debug] [MainThread]: running dbt with arguments {'introspect': 'True', 'log_path': 'logs', 'warn_error_options': 'WarnErrorOptionsV2(error=[], warn=[], silence=[])', 'log_cache_events': 'False', 'use_experimental_parser': 'False', 'static_parser': 'True', 'log_format': 'default', 'no_print': 'None', 'invocation_command': 'dbt debug', 'use_colors': 'True', 'printer_width': '80', 'target_path': 'None', 'profiles_dir': '/Users/nanduvasireddy/.dbt', 'version_check': 'True', 'fail_fast': 'False', 'warn_error': 'None', 'indirect_selection': 'eager', 'write_json': 'True', 'send_anonymous_usage_stats': 'True', 'cache_selected_only': 'False', 'quiet': 'False', 'empty': 'None', 'partial_parse': 'True', 'debug': 'False'}
[0m13:33:31.414607 [info ] [MainThread]: dbt version: 1.11.8
[0m13:33:31.414826 [info ] [MainThread]: python version: 3.11.15
[0m13:33:31.414996 [info ] [MainThread]: python path: /Users/nanduvasireddy/Desktop/projects/real-time-market-data-platform/.venv/bin/python3.11
[0m13:33:31.415143 [info ] [MainThread]: os info: macOS-26.4.1-arm64-arm-64bit
[0m13:33:31.456172 [info ] [MainThread]: Using profiles dir at /Users/nanduvasireddy/.dbt
[0m13:33:31.456459 [info ] [MainThread]: Using profiles.yml file at /Users/nanduvasireddy/.dbt/profiles.yml
[0m13:33:31.456614 [info ] [MainThread]: Using dbt_project.yml file at /Users/nanduvasireddy/Desktop/projects/real-time-market-data-platform/dbt/dbt_project.yml
[0m13:33:31.456900 [info ] [MainThread]: adapter type: postgres
[0m13:33:31.457079 [info ] [MainThread]: adapter version: 1.10.0
[0m13:33:31.457232 [info ] [MainThread]: Configuration:
[0m13:33:31.457360 [info ] [MainThread]:   profiles.yml file [[32mOK found and valid[0m]
[0m13:33:31.457485 [info ] [MainThread]:   dbt_project.yml file [[31mERROR not found[0m]
[0m13:33:31.457604 [info ] [MainThread]: Required dependencies:
[0m13:33:31.457766 [debug] [MainThread]: Executing "git --help"
[0m13:33:31.473465 [debug] [MainThread]: STDOUT: "b"usage: git [-v | --version] [-h | --help] [-C <path>] [-c <name>=<value>]\n           [--exec-path[=<path>]] [--html-path] [--man-path] [--info-path]\n           [-p | --paginate | -P | --no-pager] [--no-replace-objects] [--no-lazy-fetch]\n           [--no-optional-locks] [--no-advice] [--bare] [--git-dir=<path>]\n           [--work-tree=<path>] [--namespace=<name>] [--config-env=<name>=<envvar>]\n           <command> [<args>]\n\nThese are common Git commands used in various situations:\n\nstart a working area (see also: git help tutorial)\n   clone      Clone a repository into a new directory\n   init       Create an empty Git repository or reinitialize an existing one\n\nwork on the current change (see also: git help everyday)\n   add        Add file contents to the index\n   mv         Move or rename a file, a directory, or a symlink\n   restore    Restore working tree files\n   rm         Remove files from the working tree and from the index\n\nexamine the history and state (see also: git help revisions)\n   bisect     Use binary search to find the commit that introduced a bug\n   diff       Show changes between commits, commit and working tree, etc\n   grep       Print lines matching a pattern\n   log        Show commit logs\n   show       Show various types of objects\n   status     Show the working tree status\n\ngrow, mark and tweak your common history\n   backfill   Download missing objects in a partial clone\n   branch     List, create, or delete branches\n   commit     Record changes to the repository\n   merge      Join two or more development histories together\n   rebase     Reapply commits on top of another base tip\n   reset      Reset current HEAD to the specified state\n   switch     Switch branches\n   tag        Create, list, delete or verify a tag object signed with GPG\n\ncollaborate (see also: git help workflows)\n   fetch      Download objects and refs from another repository\n   pull       Fetch from and integrate with another repository or a local branch\n   push       Update remote refs along with associated objects\n\n'git help -a' and 'git help -g' list available subcommands and some\nconcept guides. See 'git help <command>' or 'git help <concept>'\nto read about a specific subcommand or concept.\nSee 'git help git' for an overview of the system.\n""
[0m13:33:31.473938 [debug] [MainThread]: STDERR: "b''"
[0m13:33:31.474116 [info ] [MainThread]:  - git [[32mOK found[0m]

[0m13:33:31.474283 [info ] [MainThread]: Connection:
[0m13:33:31.474447 [info ] [MainThread]:   host: localhost
[0m13:33:31.474570 [info ] [MainThread]:   port: 5432
[0m13:33:31.474684 [info ] [MainThread]:   user: nanduvasireddy
[0m13:33:31.474800 [info ] [MainThread]:   database: market_data
[0m13:33:31.474916 [info ] [MainThread]:   schema: analytics
[0m13:33:31.475031 [info ] [MainThread]:   connect_timeout: 10
[0m13:33:31.475145 [info ] [MainThread]:   role: None
[0m13:33:31.475265 [info ] [MainThread]:   search_path: None
[0m13:33:31.475377 [info ] [MainThread]:   keepalives_idle: 0
[0m13:33:31.475488 [info ] [MainThread]:   sslmode: None
[0m13:33:31.475601 [info ] [MainThread]:   sslcert: None
[0m13:33:31.475711 [info ] [MainThread]:   sslkey: None
[0m13:33:31.475826 [info ] [MainThread]:   sslrootcert: None
[0m13:33:31.475945 [info ] [MainThread]:   application_name: dbt
[0m13:33:31.476059 [info ] [MainThread]:   retries: 1
[0m13:33:31.476330 [info ] [MainThread]: Registered adapter: postgres=1.10.0
[0m13:33:31.848448 [debug] [MainThread]: Acquiring new postgres connection 'debug'
[0m13:33:31.875474 [debug] [MainThread]: Using postgres connection "debug"
[0m13:33:31.875657 [debug] [MainThread]: On debug: select 1 as id
[0m13:33:31.875789 [debug] [MainThread]: Opening a new connection, currently in state init
[0m13:33:31.903957 [debug] [MainThread]: SQL status: SELECT 1 in 0.028 seconds
[0m13:33:31.904403 [debug] [MainThread]: On debug: Close
[0m13:33:31.904562 [info ] [MainThread]:   Connection test: [[32mOK connection ok[0m]

[0m13:33:31.904726 [info ] [MainThread]: [31m1 check failed:[0m
[0m13:33:31.904856 [info ] [MainThread]: Project loading failed for the following reason:
 project path </Users/nanduvasireddy/Desktop/projects/real-time-market-data-platform/dbt/dbt_project.yml> not found

[0m13:33:31.907115 [debug] [MainThread]: Resource report: {"command_name": "debug", "command_success": false, "command_wall_clock_time": 0.5462837, "process_in_blocks": "0", "process_kernel_time": 0.215428, "process_mem_max_rss": "137412608", "process_out_blocks": "0", "process_user_time": 0.736178}
[0m13:33:31.907362 [debug] [MainThread]: Command `dbt debug` failed at 13:33:31.907312 after 0.55 seconds
[0m13:33:31.907526 [debug] [MainThread]: Connection 'debug' was properly closed.
[0m13:33:31.907688 [debug] [MainThread]: Sending event: {'category': 'dbt', 'action': 'invocation', 'label': 'end', 'context': [<snowplow_tracker.self_describing_json.SelfDescribingJson object at 0x109fb6b10>, <snowplow_tracker.self_describing_json.SelfDescribingJson object at 0x10a99dad0>, <snowplow_tracker.self_describing_json.SelfDescribingJson object at 0x10b31cf50>]}
[0m13:33:31.907878 [debug] [MainThread]: Flushing usage events
[0m13:33:32.067936 [debug] [MainThread]: An error was encountered while trying to flush usage events
